// Jest Snapshot v1, https://goo.gl/fbAQLP

exports[`Details Container it displays the place detail page 1`] = `Promise {}`;
